Info: Start Nativelink Simulation process

========= EDA Simulation Settings =====================

Sim Mode              :  Gate
Family                :  cycloneii
Quartus root          :  d:/documentos/cefet/22.1/tcc/quartus/install2/quartus/bin64/
Quartus sim root      :  d:/documentos/cefet/22.1/tcc/quartus/install2/quartus/eda/sim_lib
Simulation Tool       :  modelsim-altera
Simulation Language   :  verilog
Simulation Mode       :  GUI
Sim Output File       :  VerilogWarmup.vo
Sim SDF File       :  VerilogWarmup_v.sdo
Sim dir               :  simulation\modelsim

=======================================================

Info: Starting NativeLink simulation with ModelSim-Altera software
Sourced NativeLink script d:/documentos/cefet/22.1/tcc/quartus/install2/quartus/common/tcl/internal/nativelink/modelsim.tcl
Warning: File VerilogWarmup_run_msim_gate_verilog.do already exists - backing up current file as VerilogWarmup_run_msim_gate_verilog.do.bak11
Info: Spawning ModelSim-Altera Simulation software 
