------------------------------------------------------------
TimeQuest Timing Analyzer Summary
------------------------------------------------------------

Type  : Slow Model Setup 'a|altpll_component|pll|clk[1]'
Slack : 0.988
TNS   : 0.000

Type  : Slow Model Setup 'a|altpll_component|pll|clk[0]'
Slack : 13.289
TNS   : 0.000

Type  : Slow Model Hold 'a|altpll_component|pll|clk[1]'
Slack : 0.391
TNS   : 0.000

Type  : Slow Model Hold 'a|altpll_component|pll|clk[0]'
Slack : 5.230
TNS   : 0.000

Type  : Slow Model Recovery 'a|altpll_component|pll|clk[1]'
Slack : 30.525
TNS   : 0.000

Type  : Slow Model Removal 'a|altpll_component|pll|clk[1]'
Slack : 5.779
TNS   : 0.000

Type  : Slow Model Minimum Pulse Width 'a|altpll_component|pll|clk[1]'
Slack : 17.518
TNS   : 0.000

Type  : Slow Model Minimum Pulse Width 'CLOCK_27'
Slack : 18.518
TNS   : 0.000

Type  : Fast Model Setup 'a|altpll_component|pll|clk[1]'
Slack : 3.060
TNS   : 0.000

Type  : Fast Model Setup 'a|altpll_component|pll|clk[0]'
Slack : 15.438
TNS   : 0.000

Type  : Fast Model Hold 'a|altpll_component|pll|clk[1]'
Slack : 0.215
TNS   : 0.000

Type  : Fast Model Hold 'a|altpll_component|pll|clk[0]'
Slack : 3.081
TNS   : 0.000

Type  : Fast Model Recovery 'a|altpll_component|pll|clk[1]'
Slack : 32.938
TNS   : 0.000

Type  : Fast Model Removal 'a|altpll_component|pll|clk[1]'
Slack : 3.614
TNS   : 0.000

Type  : Fast Model Minimum Pulse Width 'a|altpll_component|pll|clk[1]'
Slack : 17.518
TNS   : 0.000

Type  : Fast Model Minimum Pulse Width 'CLOCK_27'
Slack : 18.518
TNS   : 0.000

------------------------------------------------------------
